<html>
<body>
<pre>
<h1>µVision Build Log</h1>
<h2>Tool Versions:</h2>
IDE-Version: ¦ÌVision V5.33.0.0
Copyright (C) 2020 ARM Ltd and ARM Germany GmbH. All rights reserved.
License Information:  ,  , LIC=585FJ-U5V0Z-8T03P-M4V0K-LI2FQ-5150K
 
Tool Versions:
Toolchain:       MDK-ARM Plus  Version: 5.33.0.0
Toolchain Path:  D:\Keil_v5\ARM\ARMCLANG\Bin
C Compiler:      ArmClang.exe V6.15
Assembler:       Armasm.exe V6.15
Linker/Locator:  ArmLink.exe V6.15
Library Manager: ArmAr.exe V6.15
Hex Converter:   FromElf.exe V6.15
CPU DLL:         
Dialog DLL:      
Target DLL:      CMSIS_AGDI_V8M.DLL V1.6.17.0
Dialog DLL:      TCM.DLL V1.48.0.0
 
<h2>Project:</h2>
H:\MyGit\MyProject\GD32L233\IOT_CLOCK\demo\GD32L23x_Demo_Suites_V1.1.0\GD32L233C_START_Demo_Suites\Projects\06_USBD_CDC_ACM\MDK-ARM\GD32L233C_START.uvprojx
Project File Date:  02/16/2022

<h2>Output:</h2>
*** Using Compiler 'V6.15', folder: 'D:\Keil_v5\ARM\ARMCLANG\Bin'
Build target 'GD32L233C_START'
compiling gd32l23x_it.c...
compiling main.c...
compiling gd32l23x_usbd_hw.c...
compiling system_gd32l23x.c...
compiling gd32l23x_exti.c...
compiling gd32l23x_dma.c...
compiling gd32l23x_gpio.c...
compiling gd32l23x_fmc.c...
compiling gd32l23x_misc.c...
compiling gd32l23x_syscfg.c...
compiling gd32l23x_pmu.c...
compiling gd32l23x_rcu.c...
compiling gd32l23x_ctc.c...
compiling gd32l23x_usart.c...
compiling gd32l23x_timer.c...
compiling gd32l233c_start.c...
compiling usbd_lld_core.c...
compiling usbd_lld_int.c...
compiling usbd_core.c...
compiling usbd_pwr.c...
compiling usbd_enum.c...
compiling usbd_transc.c...
assembling startup_gd32l23x.s...
compiling cdc_acm_core.c...
linking...
Program Size: Code=9048 RO-data=388 RW-data=680 ZI-data=1312  
FromELF: creating hex file...
".\Objects\Project.axf" - 0 Error(s), 0 Warning(s).

<h2>Software Packages used:</h2>

Package Vendor: ARM
                http://www.keil.com/pack/ARM.CMSIS.5.7.0.pack
                ARM.CMSIS.5.7.0
                CMSIS (Cortex Microcontroller Software Interface Standard)
   * Component: CORE Version: 5.4.0

Package Vendor: GigaDevice
                http://gd32mcu.21ic.com/data/documents/yingyongruanjian/GigaDevice.GD32L23x_DFP.0.0.0.pack
                GigaDevice.GD32L23x_DFP.0.0.0
                GigaDevice GD32L23x Series Device Support and Examples

<h2>Collection of Component include folders:</h2>
  .\RTE\_GD32L233C_START
  D:\Keil_v5\ARM\PACK\ARM\CMSIS\5.7.0\CMSIS\Core\Include

<h2>Collection of Component Files used:</h2>

   * Component: ARM::CMSIS:CORE:5.4.0
Build Time Elapsed:  00:00:03
</pre>
</body>
</html>
